a
a
Ã 
aa
aach
aachener
aah
aalborg
aalder
aalmoez
aalscholver
aalscholver
aalscholverstand
aalsmer
aalsmeerban
aalsmer
aalt
aaltenar
aaltjes
aam
aan
aan
aanbad
aanbaklaagjes
aanbeld
aanbell
aanbested
aanbested
aanbested
aanbestedingsdossier
aanbestedingsprocedur
aanbestedingsrichtlijn
aanbevdlijn
awlijn
awloijn
ijn
ijn
ijn
ijn
ivn
ijnsni