'
''
'a
's
aa
as
'
a
s
aa
as
a
a'
a'
aa
aback
abandon
abandon
abandon
abandon
abandon
abas
abash
abat
abat
abbey
abbot