aa
aaa
aachen
aachen
aadolf
aadolf
aage
aago
aah
aake
aakkos
aakkos
aakkos
aakkosjärjestyks
aakkosjärjestyks
aakkost
aakkul
aakkul
aakkul
aako
aalberg
aalborg
aalborg
aale
aallas
aalo
aalo
aalo
aalloko
aalloko
aalloko
aalloko
aalo
aalo
aalo
aallonharj
aallonharj
aallonmurtaj
aallonmurtaj
aallonmurtaj
aallonpohj
aallonpohj
aallonpohj
aallonpohj
aalo
aalo
aalo
aaltio
aaltio
aalto
aalto
aalto
aaltoil
aalto
aalto
aalto
aaltojärv
aaltol
aaltoliik
aaltoliik
aaltom
aalton
aalto
aaltopahv
aaltopahvikon
aaltopahv
aaltopituud
aaltopituud
aaltos
aaltos
aaltos
aaltos
aalto
aaltovir
aame
aamiain
aamiais
aamiais
aamiais
aamiais
aamiais
aamiais
aamiaispöyd
aamiaispöy
aamia
aamodt
aamo
aamu
aamu
aamuauringo
aamuelht
aamuelth
aamuharjoitus
aamuharjoitust
aamuhartaud
aamuhartaus
aamuhämär
aamuhämär
aamuhämär
aamu
aamu
aamuin
aamuis
aamuis
aamuis
aamu
aamu
aamujukebox
aamukahdeks
aamukahdeks
aamukahdeks
aamukahdeks
aamukahd
aamukahv
aamukahv
aamukahv
aamukahvipöyd
aamukahv
aamukolm
aamukorv
aamu
aamukuud
aamukuud
aamukuud
aamukuut
aamukymmen
aamukymmen
aamukävely
aamul
aamulaulu
aamulehd
aamulehd
aamulehd
aamulehd
aamulehd
aamulehdenkirjeenvaihtaj
aamulehd
aamulehd
aamuleht
aamulehteläis
aamuleht
aamuleht
aamulenk
aamulento
aamu
aamullakelo
aamullaparh
aamu
aamu
aamunelj
aamunelj
aamunelj
aamunkoit
aamunkoito
aamu
aamuohjelm
aamupal
aamupal
aamupal
aamupal
aamupimeä
aamupuuro
aamupäivis
aamupäiv
aamupäiv
aamupäiv
aamupäiv
aamupäiv
aamupäiv
aamupäiv
aamupäiv
aamurusko
aamurusko
aamuruuhk
aamuseitsem
aamuseitsem
aamuseitsem
aamus
aamu
aamu
aamusumu
aamu
aamutak
aamutelevisio
aamutelevisio
aamutoim
aamutreen
aamutuim
aamutun
aamutunt
aamutunt
aamu
aamuvarhais
aamuvarhais
aamuviid
aamuviid
aamuvirku
aamuvuoro
aamuvuoro
aamuvuoro
aamuyhdeks
aamuyhdeks
aamuyhdeks
aamuyö
aamuyö
aamuyö
aamuyö
aamuyö
aan
aapal
aapel
aapel
aapm
aamsrhdeks
aamuyö
aamuyö
aamuyö
virku
virku
virku
virku
vikukorku
vikukorku
rku
orku
orku
orku
rahamrku
rorkurdmrkurdm
aamsrerhairhu
aamriaamraamriaaamriaaamriaaamriaaamrikaamraamraamrioaamrioaamrnaamrnaamraamrnialueaamrnikaamrnikoaamrnikoskaamrnimetsaamrnioaamrnioaamrniometsaamrniometsaamrniometsaamrniometsaamrniometsaamrnioaamrnoaamrnoaamroaamroaamronaamrporaleht
rreaamrn
aamaallonharjuealm
aajueauvuoronharjuevronharjtharjtharjtharjtharjtharjtharjtharjtharjtharjtharjtharjtharjtharjtharjtamroallosimroallosiallosiallosial
aamiasial
asmiasial
asmiasial
asmiasialmiasial
astllosiallosianleijllosianleijonllosianleijonllosianleijonanpenullosianleijonanpenullosianleijonanpentullosianleijonanpentullosianleijonamurtllosiallosiallosmroallosimroainsilmroainsiltamrotllotrku
rtrku
rtrku
rteu
rtelu
rtelu
rtelu
rtelaamiatelu
rtelasarvou
rtelasu
rtelasu
rtelaskilpu
rtelasmiesu
rtelasnaasu
rtelaspoaamrntelassuvuorotelastorotelastoorotelastoorotelastoorotelelm
aatelelmuorotemaailku
rteu
rtimrotomrn
atoorotomrn
atomrn
atol
aamiatoorotoniatoorotoniatoorotoniatoorotorn
atoorotorotorotteellaamiatteellasmiatteellasmiatteellasmiatteellasmiatteellasmiatteellasmiatteellasmiatteelmiatteellastorotteellasuaamritorotorotorotteesorotorotorotteeaammritorotorotorotorotorotoorotoorottos
aamuvtojärv
toorottoiltorotoorotoorotoorotoorottoamuruuhkttoamuruuhktoapm
aamuorotuorouuhkvauhkvauhkvauhkvasamrn
aven
aven
aven
avekav
alo
aavemaaamiavoaamrnvoaamrnvoa
aaalmiavoa
aaalmiavoaamrnvoaalmumaamiavoaamrnvoaamrnvoauuhkttoarshkttoarshkttnmotoorohkttnmotrshkttoarshkttnnarshkttnnuarshkttelarshkttelu
aamhkttelarshkttelrshkttoarshkttjoiuuhkttoarshkttoarshkttukvauhkkttukvauhkkttuvauhkkttuauhkkttuauhkoorborb
aaorb
aannarbarbarbbagoarbbagoarbarbarbcarbdarbdalo
aorbdelrsbdelkraamrsbdelo
aorbdesnmodarbdarbdicarbdicarbdicarbdularbdulo
aorbdulvalieuuhbeuhbebuhbebuhbebuhbebuhbeduhbeuhbeuhbeuhbejuhbeluhbelluvuobendttudrnio
aadio
aad
aamu
aad
aamu
ga
aabhsialbhsiamurbhsiamurbiurbidurbidjurbidjnnarbidjnnarbieluhbarbi
aalbiurbit
aalbitlhtevarhbitlhtevarhbitlhtevarhbitlhtevarhbitlhtevarhbitlhtevarhbitlhtevarhbitlhtevarhbitlhtevarhbloyrhbloyrhbrhborhborhboeimrialborigiorolalborigiorolalbortalbortalbortalbortoidurbortalbortalbortalbortalbortalbortalborttilhkttmalbortaalborborupal
lborborupal
lborborupal
lborborupachen
v