a
Ã 
abailard
abaiss
abaiss
abaiss
abaiss
abaissement
abaissent
abaiss
abaiss
abandon
abandon
abandon
abandon
abandon
abandon
abandon
abandon
abandon
abandon
abandon
abandon
abasourd
abat
abatt
abatt
abatt
abattr
abbay
abbÃ©abbÃ©abbÃ©Ã©abbÃ©abbÃn©abbÃn©ala