a
aa
aalglatt
aargau
aargau
aas
aasgeruch
aasholl
ab
abaddon
abart
abbeisst
abbilduessildureas
aduraas
abend
abendbrot
abenddammer
abenddunkl
abend
abendessildendherr
abendhimmel
abendland
abendland
abend
abendlicht
abendluft
abendmahl
abendrot
abend
abendschein
abendschein
abendschoppas
abendsonn
abend
abendtanz
abendwind
abendzeit
abenteu
abenteu
abenteu
abenteu
abenteu
abenteu
abenteu
abenteuerspielp