a
Ã 
aa
aalst
ab
abakoumov
aban
abat
abat
abbacin
abbacin
abbad
abbad
abbagliaron
abbagl
abbai
abbai
abbai
abbain
abbandon
abbandon
abbandon
abbandon
abbandon
abbandon
abbandon
abbandon
abbandon
abbandon
abbandon
abbandon
abbandon
abbandon
abbandon
abbandon
abbandon
abbandon
abband
abbandon
abbaruff
abbass
abbass
abbass
abbass
abbass
abbass
abbass
abbass
abbass
abbass
abbass
abbass
abbass
abbast
abbatt
abbatt
abbatt
abbatt
abbattess
abbatt
abbatt
abbatt
abbatt
abbatt
abbatt
abbatt
abbell
abbenc
abbi
abbi
abbiamabbiamabbiamabbiamadgv