a
aabakk
aabakk
aarbakk
aarum
aas
ab
abitanti
abitazion
ablegÃ¸y
absolutt
absorber
ad
adgang
adgang
adkomst
adkomstdokument
adkomstdokument
adkomst
adlyd
adlyd
adm
administrasjon
administrasjon
administrasjonsdeparteasjon