a
á
à
ã
aach
aacut
abacax
abad
abaet
abaf
abaf
abaix
abaix
abaix
abaix
abaix
abal
abal
abal
abal
abal
abalro
abandon
abandon
abandon
abandon
abandon
abandon
abandon
abandon
abandon
abandon
abandon
abandon
abandon
abandon
abarrot
abarrot
abarrot
abast
abast
abast
abastec
abastec
abastec
abastec
abat
abat
abatedour
abat
abat
abat
abat
abat
abat
abat
abat
abat
abat
abaul
abbé
abbey
abc
abcess
abdel
abdel
abdi
abdic
abdic
abdomen
abdômen
abdomin
abdominal
abecaf
abel
abenço
aberr
abert
abert
abert
abert
abert
abertur
abic
abica
abichequ
abifarm
abih
abih
abihdon
a