a
aaron
aback
abaissiez
abandon
abandon
abas
abash
abash
abat
abat
abat
abat
abat
abatt
abb
abbess
abbei
abbei
abbomin
abbot
abbot
abbrevi
abdic
abduct
ab
abel
aberga
abergavenni
abet
abet
abhomin
abhor
abhorr
abhor
abhorr
abhor
abhor
abhorson
abid
abid
abil
abil
abingdon
abject
abjectli
abject
abjur
abjur
abl
abler
ablest
aboard
abod
abod
abod
abod
abod
abolish
abomin
abomin
abomin
abomin
abort
abort
abound
abound
abound
about
abov
abr
abraham
abram
abreast
abridg
abridg
abridg
abridg
abroach
abroad
abrog
abrook
abrupt
abrupt
abruptli
absenc
absenc
absent
absei
absolom
absolut
absolut
absolv
absolv
absolv
absorb
absorb
abstain
abstemi
abstin
abstract
abstrus
absurd
absurd
absurdli
absyrtu
abund
abund
abundantli
abu
abus
abus
abus
abus
abus
abut
abi
abysm
ac
academ
academ
academi
academi
accad
acced
accent
accent
accept
accept
accept
accept
accept
accept
access
accessari
access
accid
accid
accident
accident
accid
accit
accit
accit
acclaim
acclam
acclam
accommod
accommod
accommod
accommod
accommodo
accompani
accompani
accompani
accompani
accomplic
accomplic
accomplish
accomplish
accomplish
accomplish
accomplish
accompt
accord
accord
accord
accordeth
accord
accordingli
accord
accost
accost
account
account
account
account
accoutr
accoutr
accoutr
accredit
accru
accru
accumul
accumul
accumul
accuraci
accur
accur
accur
accurs
accurst
accu
accus
accus
accus
accusativo
accus
accus
accus
accus
accus
accuseth
accus
accustom
accustom
ac
acerb
achaioi
ach
acheron
ach
acheul
achiev
achiev
achiev
achiev
achiev
achiev
achiev
achiev
achil
ach
achitophel
acid
acknei
acknowledg
acknowledg
acknowledg
acknowledg
acknowledg
acknowledg
acknown
acold
aconitum
acordo
acorn
acquaint
acquaint
acquaint
acquaintanceship
acquaint
acquaint
acquaint
acquiesc
acquiesc
acquiesc
acquir
acquir
acquir
acquir
acquir
acquir
acquisit
acquisit
acquit
acquitt
acquitt
acquit
acr
acr
across
act
actaeon
act
act
action
action
actium
activ
activ
activ
actor
actor
actress
act
actual
actual
actur
acut
acut
ad
adag
adalla
adam
adam
adamson
add
ad
adder
adder
addeth
addict
addict
addict
ad
addington
addison
addit
addit
addit
addl
address
address
address
address
addrest
add
adelaid
adept
adher
adher
adher
adieu
adieu
adieux
adjac
adjoin
adjoin
adjourn
adjourn
adjudg
adjudg
adjunct
adjur
adjust
administ
administ
administ
administr
administr
administratrix
admir
admir
admir
admir
admir
admir
admir
admir
admir
admir
admir
admiringli
admiss
admiss
admit
admit
admitt
admit
admit
admonish
admonish
admonish
admonish
admonit
ado
adoni
adopt
adopt
adoptedli
adopt
adopt
adopti
adopt
ador
ador
ador
ador
ador
ador
ador
ador
adorest
adoreth
ador
adorn
adorn
adorn
adorn
adorn
adown
adramadio
adrian
adriana
adriano
adriat
adriv
adroit
adroitli
adsum
adul
adulter
adulter
adulter
adulteress
adulteri
adulter
adulteri
adultress
advanc
advanc
advanc
advanc
advanc
advanc
advanc
advantag
advantag
advantag
advantag
advantag
advantag
advantag
advent
adventur
adventur
adventur
adventur
adventur
adventuress
adventur
adventur
adventur
adversari
adversari
advers
advers
advers
advers
adverti
advertis
advertis
advertis
advertis
advic
advi
advis
advis
advis
advisedli
advis
advis
advis
advocaci
advoc
advoc
aeacida
aeacid
aedil
aedil
aegeon
aegion
aegisthu
aegl
aemelia
aemilia
aemiliu
aenea
aeolu
aequor
aer
aerial
aeri
aesculapiu
aeson
aesop
aetna
afar
afear
afeard
affabl
affabl
affair
affair
affair
affair
affect
affect
affect
affect
affectedli
affecteth
affect
affect
affection
affection
affect
affect
affeer
affianc
affianc
affianc
affidavit
affi
affin
affin
affin
affirm
affirm
affirm
afflict
afflict
afflict
afflict
afflict
afford
afford
affordeth
afford
affrai
affreus
affright
affright
affright
affronaffronaffroruufroruufroruufrooruufroruufufroruufuaegluaeglugluaeaeaeaeatrdetprdetpehaabusetpes
adiefrigdiefreadopfrocopfrocaopfrocaflicufufroranc
arancnoffianancnoffianancwffair
ancwffairur
abhogus
abgus

adogameni
ndogamenn
ndogaadogazirur
ar
aabsolaabsolaabtprdgventugventugtuggravtuggravtuggrversaggriefsaghbroacgmeligs
abginl
aroacgmoacgmtacgmtacgmtacgmtacglorr
gniziruoacg
ndogdopt
gdopsacg
ndogdopt
gret
greeffectgreeffectgret
gret
greemventugret
gremvet
griearvers
grippbhogr
abreagueague
acekeagueaguefadjugueadophbhoheaddihcenthentheednuggers
hrimh
aaflihdulthungfar
ar
aalv
abor
aar
aergdieirmbsolirmbtergdieirieirieirieirlversairieiaeolieolieoliemventud
acimhfectd
acimn
adod
acim
us
abs

ar
aor
arr
arr
arr
arlversairr
arar
admijadmikieolkimboolki
abeollatt
tolla
abaltion
larr
aclarmaclarmaclarmaclarumaclarumaclaaclbaclbaflilbaflilbafililbemtaclbaffialbumacl
acmatrixl
acmaixl
ibiaddilisthuld
addld
amaflild
ameflild
aedg
ald
asgabeollc
aoollchoronalchoronalcnl
nnalcng
nnalcppoollcroaceollc
acnr
aollcwifollcxaabuslcxaabuslcxaabr
aerlcxaabr
anerlcxaerlcxg
algabegebraerl
aerlocopliefliliefaliliefg
aloruufrloruufrloruufrlog
aloabalisaabusllterleolllaacll
ar
ll
ar
ll
ar
ll
yr
ll
yr
ll
ar
ller
llegr
llegr
llegr
llegr
llegi
llegi
lleg
llemddilistilisti
ll
ar
ll
ar
ll
yr
ll
yr
l