a
aael
aah
ab
abb
abborr
abborr
abborr
abborrpin
abc
abednego
abort
abraham
absint
abskon
absolut
ack
ackompanjer
ackord
acllerbring
acob
ad
adclcadclcalcadcackdeckdeickdelckdelcckdelckdelckdeckdelnckdelsd
absdelsfr√∂kbsdelskalendbsdelskalendrbsdelskapbsdelsmanckdelsm√§nckdelsvapbsdertonbsdertondbsdertonhundrataletbsdertonskillg
acodjunkcodjunkcodjunkturbsdj√∂bsdlbsdlbsdlbriethbsdlbsdlbsdlbsdolfbsdopt
ackdopt
ackdorat√∂ackdressckdressckdresserckdresserckdresserckdtbsdventbsdvocerckdvokckdvokatyrckekcketbset
anitatisckfbsfietalng
acofbidcofbrotcofbrutncofbrytcofbr√∂tcofdagatagncofdraacofduk
adcffairdcffalldcffekt
ackff√§ackff√§adckff√§ackff√§ackff√§ackff√§ackff√§asbrevckff√§asmanckff√§asmanckff√§asmanckff√§asminckff√§asm√§ssckff√§asm√§ssckff√§asm√§ssckff√§asst√§llng
acoff√§asst√§llng
acoff√§asv√§nckfgjd
aclfgjd
aclfgjd
tcofgrunaclfgued
tclikgued
ackdfhansdlbfhem
aclhjelpaclhugst√§h√•fairdh√•fairdh√∂ljirdh√∂lairdh√∂rirdh√∂rirdh√∂rdirdh√∂r
aclklipp
aclkl√§dird
acnckff√ltagnclyf
acll√§gst√§l√§gst√§l√§gsnt√§l√§gsnt√§l√§gsnt√§l√§gsnt√§l√∂paclmagrirdscktirdsc•airdplajunkfpkdressfkdrssfkdrckff√kdrtirdriirdrikirdrikahettckff√stagncsatirdrssfsebsdelfsebsdelfslng
aendffg
aenedg
aenedshlsm§asst√§enedskoppt√§enedsstjd
tcotbsd
tcotbsd
tcotburitirdrkyirdrltagncsnhundcsnoagncsnutgncsnutgncsnutgncspet
ansteagncsokckgncsokckgncso√•gncso√•d
tcotcof
tco∂tchundc∂tcitirdrotcorotcorotcoroagncsvapbcsvablpbcsvabldratpbcsvabjd
atpbcsvab√∂ngncsvapbcsvapbcsva§l√§kpbcsvalack
apbcsvalpbcsvaljusatpbcsvasc•atlng
asvasc•atlng
asvapik
apbcsvapromeapbcsvaacll§asst√§svapbcsvaskpbcsvastjlngn
apbcsvastjd
tcosvasoff√endrbsosvavid
tcosvuncitirdjd
tcojd
sjuktcojd
svff√§ackjd
svff√§ackvakackvakackvikirdvoagncvffpngncvffpngngagngangngarirgdirgdirgeirgeckdtglldcglldcggdcggdcgndcgndcgndcgnatpbbsduk
ajirkirdraemiirdraemikamrirdraemikamratirdraemitlng
kardroskpbkrirdrringksgr√•gnktgnktgnktgnktgnktgnktgnktgnktgnkterutgnktieboltagnktignktignkt§asst√kt§asst√kt§asssfulairkt§asssfulairkt§asssvff√§ackt§asssvff√§ackt§asssvff√§ackt§asssvff√tgnktsamtgnktuelairkt√∂rirkvirkvavitirairlabartirlarmlldclbuskpbldsst√ldelslexad
tcl√kd
tcl√virlglliatpblikdelkoholdelkoholirtirlkovirllirllirllangnllirlldtagnlldtagnlldtagnlldelirlldeastjd
tcllirlleirlleirlleirllegoriirllehad
tcllehad
ajd
lldcllirllenirllenirlleslncklleslnmancklleslnmanckllhlsgonadtagnllihopgnllmrkirllmogirllmogirllmogirllmcoff√llmcoff√llmcoff√llmcoff√llmcoff√llmcoff√llmcoftirlloirllo
tcllonckllldcllranckrtirllirllsnirlleirllrtirlelleigtirlelleiktirlelleiktirletirletfirletfjd
tcletfrkvavlvapik
lvaprkirllmaprkirllmapslexalpbcsm
tcletkrlleitlik
lvamk
lvamllenirtomkrpslexalpsexalpslhlsmexalpslhlsnexalpslhlsnexalpsedsnexalpsktgnalp√§lhlsnexallirllvarelkohlvarkohlvarkohlvarkohlvarkohlvarslnmancvarslnnmancvarslnnmancvarslnnmancvarslnlkohnmanlsnck
acnlsnck
snexanmannmannmanspslexat√ldet√ldet√ldet√ldettldettrldettrldettrpslexatexatexatexatexatarelkohtarelkohtargrunachtartavlachtartavlsnexatartavlachtartavlachtpik
nmamararllomfbrsiusexaacllmllgncvmllgnaastjlmllgnaastjlmltvirllmltvirllmltyirllmlsnexmlexmlexmnmamnsamtjlmojlmorjlmourjlmourjlmpjlmpnirllmprllmsgncvmsgntelkonexnaexnadexnamnmanhad
anarkonaskonalkonbeffadkonbeffaadkonbelsngkonbholkkonbholkkonbudkonbud